columns=32
rows=32
tile_size=8
background_color=080F
girl_show=0
"                                "
"                          g     " 
"                                "
"            g                   "
"                 R              "
"                                "
"       ttt                      "
"       tpt                      "
"       ttt                      "
"        t             g         "
"        t                       "
"        t                       "
"        t                       "
"   R    t                       "
"        t         g             "
"        t               Tf      "
"        t                       "
"        t                       "
"        t                       "
"    g   t                       "
"        t        g              "
"        t                       "
"        t             g         "
"wwwwwwwwWwwwwwwwwwwwwwwwwwwwwwww"
"wwwwwwwwWwwwwwwwwwwwwwwwwwwwwwww"
"        t                       "
"        t                       "
"        ttttttttttttttttttttttt>"
"                g               "
"    g                      g    "
"                                "
"                 R              "
text_size=2
you are not ready
for what is ahead;
give up;
